[2026-09-06T12:52:18.024Z] [fd3e1792-6a94-44a5-94f4-1d3b920b5665] INFO ANALYSIS START | clips=8
[2026-09-06T12:52:18.015Z] [fd3e1792-6a94-44a5-94f4-1d3b920b5665] INFO RUN START | objective=A premium sushi dining experience focused on fresh ingredients, handcrafted sushi and precise Japanese preparation. | clipCount=8 | pipeline=ATLAS_PRO_EDITOR_V2
[2026-09-06T12:53:27.282Z] [fd3e1792-6a94-44a5-94f4-1d3b920b5665] INFO ANALYSIS COMPLETE | clips=8
[2026-09-06T12:53:31.619Z] [fd3e1792-6a94-44a5-94f4-1d3b920b5665] INFO MATCH_FOOTAGE COMPLETE | matches=5
[2026-09-06T12:54:17.119Z] [fd3e1792-6a94-44a5-94f4-1d3b920b5665] INFO MASTER_PLAN COMPLETE | shots=6
[2026-09-06T12:54:27.393Z] [fd3e1792-6a94-44a5-94f4-1d3b920b5665] INFO EDIT_DIRECTOR COMPLETE | beats=8 | speedRamps=0 | sfxEvents=4 | text=2
[2026-09-06T12:54:36.836Z] [fd3e1792-6a94-44a5-94f4-1d3b920b5665] INFO REMOTION START
[2026-09-06T12:54:37.437Z] [fd3e1792-6a94-44a5-94f4-1d3b920b5665] INFO VALIDATION PASS | beats=8 | files=8
[2026-09-06T12:54:37.459Z] [fd3e1792-6a94-44a5-94f4-1d3b920b5665] INFO SFX_DIRECTOR START | beats=8
[2026-09-06T12:56:57.169Z] [fd3e1792-6a94-44a5-94f4-1d3b920b5665] INFO SFX_DIRECTOR COMPLETE | generatedEvents=2
[2026-09-06T12:56:57.177Z] [fd3e1792-6a94-44a5-94f4-1d3b920b5665] INFO REMOTION EXECUTION_PLAN | beats=8 | sfxEvents=2 | speedRamps=8
[2026-09-06T12:58:33.861Z] [fd3e1792-6a94-44a5-94f4-1d3b920b5665] INFO REMOTION COMPLETE | reviewId=1a076cc93eb-2390012a437a402da4f23c7cff9e0f34 | bytes=12719103 | durationMs=237025
[2026-09-06T12:58:33.992Z] [fd3e1792-6a94-44a5-94f4-1d3b920b5665] INFO REMOTION COMPLETE | reviewId=1a076cc93eb-2390012a437a402da4f23c7cff9e0f34 | bytes=12719103
[2026-09-06T12:58:48.254Z] [fd3e1792-6a94-44a5-94f4-1d3b920b5665] INFO REVIEW COMPLETE | iteration=1 | score=61 | rootCause=The render is materially different from the planned premium sushi Reel: it contains an out-of-place eating reaction as the opening sequence, a long flame-seared interlude that doesn’t support the brief, a black/gap frame, and the final CTA is generic ('VISIT / ORDER TODAY') rather than the promised KAIRO Sushi / tonight message. Typography also appears to be absent from most beats, so the commercial reads less like a finished premium spot and more like a rough cut with partial overlays. | issues=[{"severity":"HIGH","category":"Hook mismatch","timestamp_seconds":0,"problem":"The opening sequence is a person eating sushi, not the promised premium food reveal. It weakens visual shock and delays appetite.","fix":"Open on the overhead plated sushi reveal or the cleanest chef-plating hero moment with a bold 'FRESH.' overlay immediately."},{"severity":"HIGH","category":"Story relevance","timestamp_seconds":2.5,"problem":"The flame-seared content dominates the middle and feels off-brief for a fresh handcrafted sushi dining reel.","fix":"Remove or greatly shorten the flame sequence and replace it with direct sushi prep, salmon placement, and plated hero shots."},{"severity":"HIGH","category":"Continuity","timestamp_seconds":4,"problem":"There is a visible black gap/frame break, which reads like a render or edit error.","fix":"Replace the gap with a continuous shot, a clean cut, or a brief premium transition over live footage."},{"severity":"HIGH","category":"Typography","timestamp_seconds":9.5,"problem":"The CTA text is generic and not brand-specific; most of the reel lacks the planned premium typography system.","fix":"Use consistent minimal uppercase text with clear emphasis words and end on 'KAIRO Sushi. Visit tonight.' or equivalent branded CTA."},{"severity":"HIGH","category":"CTA","timestamp_seconds":11.5,"problem":"The ending call to action is weak and non-specific: 'VISIT / ORDER TODAY' does not satisfy the brief's 'visit tonight' urgency or brand recall.","fix":"End on a clean hero frame with 'KAIRO SUSHI' and 'VISIT TONIGHT' as the primary CTA."},{"severity":"MEDIUM","category":"Pacing","timestamp_seconds":2,"problem":"The early section lingers on face reaction content instead of keeping food momentum front-loaded.","fix":"Compress the reaction material or remove it entirely so the first 1.5 seconds stay product-dominant."}]
[2026-09-06T12:59:23.831Z] [fd3e1792-6a94-44a5-94f4-1d3b920b5665] INFO REMOTION START
[2026-09-06T12:59:24.712Z] [fd3e1792-6a94-44a5-94f4-1d3b920b5665] INFO VALIDATION PASS | beats=8 | files=8
[2026-09-06T12:59:24.725Z] [fd3e1792-6a94-44a5-94f4-1d3b920b5665] INFO SFX_DIRECTOR START | beats=8
[2026-09-06T13:02:21.264Z] [fd3e1792-6a94-44a5-94f4-1d3b920b5665] INFO SFX_DIRECTOR COMPLETE | generatedEvents=3
[2026-09-06T13:02:21.269Z] [fd3e1792-6a94-44a5-94f4-1d3b920b5665] INFO REMOTION EXECUTION_PLAN | beats=8 | sfxEvents=3 | speedRamps=8
[2026-09-06T13:04:23.640Z] [fd3e1792-6a94-44a5-94f4-1d3b920b5665] INFO REMOTION COMPLETE | reviewId=1a076d1ea48-3736ed39049943f78d178767366c6061 | bytes=12719103 | durationMs=299809
